// Jest Snapshot v1, https://goo.gl/fbAQLP

exports[`parseArgs handles unknown args 1`] = `
Array [
  Array [
    "Unknown argument: --unknown-arg",
  ],
  Array [
    "Unknown argument: --unknown-arg-2",
  ],
]
`;
